{
  "ok": true,
  "bind": "127.0.0.1",
  "port": 8787,
  "routes": {
    "/health": "public health check",
    "/regulation": "local summary of WhatsApp/DMA interoperability boundaries",
    "/apps": "admin: list registered apps",
    "/apps/heartbeat": "app: update heartbeat",
    "/messages": "app: post or poll channel messages",
    "/metrics": "admin: message and app counts"
  }
}
{
  "ok": true,
  "bind": "127.0.0.1",
  "port": 8787,
  "routes": {
    "/health": "public health check",
    "/regulation": "local summary of WhatsApp/DMA interoperability boundaries",
    "/apps": "admin: list registered apps",
    "/apps/heartbeat": "app: update heartbeat",
    "/messages": "app: post or poll channel messages",
    "/metrics": "admin: message and app counts"
  }
}
{
  "ok": true,
  "bind": "127.0.0.1",
  "port": 8787,
  "routes": {
    "/health": "public health check",
    "/regulation": "local summary of WhatsApp/DMA interoperability boundaries",
    "/apps": "admin: list registered apps",
    "/apps/heartbeat": "app: update heartbeat",
    "/messages": "app: post or poll channel messages",
    "/metrics": "admin: message and app counts"
  }
}
